[2025-10-30 18:20:43 /home/tplin2/workspace/AutoCFD/src/config_path.py:21 INFO]: 
================================================================================
config_file_path: Benchmark/Couette_flow-laminar.yaml
================================================================================
[2025-10-30 18:20:43 /home/tplin2/workspace/AutoCFD/src/config_path.py:79 INFO]: 
================================================================================
Configuration loaded successfully:
================================================================================
[2025-10-30 18:20:43 /home/tplin2/workspace/AutoCFD/src/config_path.py:80 INFO]: 
================================================================================
usr_requirment: Do a laminar simulation of flow between two parallel plates using pimpleFoam with moving wall velocity of (1 0 0) m/s, and a Newtonian fluid with kinematic viscosity of 1.5e-3 m^2/s. Control settings include: endTime = 25, and writeInterval = 0.5.<mesh_path>Benchmark/mesh/Couette_flow-laminar/blockMeshDict
================================================================================
[2025-10-30 18:20:43 /home/tplin2/workspace/AutoCFD/src/config_path.py:106 INFO]: 
================================================================================
/home/tplin2/workspace/AutoCFD/MetaOpenFOAM_path/MetaGPT/config/config2.yaml has been updated successfully.
================================================================================
[2025-10-30 18:20:46 /home/tplin2/workspace/AutoCFD/src/main.py:25 INFO]: 
================================================================================
runtimes: 1
================================================================================
[2025-10-30 18:20:55 /home/tplin2/workspace/AutoCFD/src/roles/Prechecker.py:25 INFO]: 
================================================================================
Prechecker input: [user: Do a laminar simulation of flow between two parallel plates using pimpleFoam with moving wall velocity of (1 0 0) m/s, and a Newtonian fluid with kinematic viscosity of 1.5e-3 m^2/s. Control settings include: endTime = 25, and writeInterval = 0.5.<mesh_path>Benchmark/mesh/Couette_flow-laminar/blockMeshDict]
================================================================================
[2025-10-30 18:20:55 /home/tplin2/workspace/AutoCFD/src/actions/PrecheckerAction.py:65 INFO]: 
================================================================================
requirement:Do a laminar simulation of flow between two parallel plates using pimpleFoam with moving wall velocity of (1 0 0) m/s, and a Newtonian fluid with kinematic viscosity of 1.5e-3 m^2/s. Control settings include: endTime = 25, and writeInterval = 0.5.<mesh_path>Benchmark/mesh/Couette_flow-laminar/blockMeshDict
================================================================================
[2025-10-30 18:20:55 /home/tplin2/workspace/AutoCFD/src/actions/PrecheckerAction.py:107 INFO]: 
================================================================================
mesh_path_list:['Benchmark/mesh/Couette_flow-laminar/blockMeshDict']
================================================================================
[2025-10-30 18:20:55 /home/tplin2/workspace/AutoCFD/src/actions/PrecheckerAction.py:69 INFO]: 
================================================================================
mesh_content:
movingWall { type wall; faces ; } bottomWall { type wall; faces ; } cyc_half0 { type cyclic; neighbourPatch cyc_half1; faces ; } cyc_half1 { type cyclic; neighbourPatch cyc_half0; faces ; } frontAndBack { type empty; faces ; }
================================================================================
==================================================

The current problem is described as follows:

Do a laminar simulation of flow between two parallel plates using pimpleFoam with moving wall velocity of (1 0 0) m/s, and a Newtonian fluid with kinematic viscosity of 1.5e-3 m^2/s. Control settings include: endTime = 25, and writeInterval = 0.5.

--------------------------------------------------

Please refer to the following prompts to supplement the problem description:

[0/initial]: movingWall
[0/initial]: bottomWall
[0/initial]: cyc_half0
[0/initial]: cyc_half1
[0/initial]: frontAndBack

--------------------------------------------------

Your input is valuable! Please enter your supplemental information below (or simply press 'Enter' to skip this step):

==================================================
[2025-10-30 18:22:02 /home/tplin2/workspace/AutoCFD/src/actions/PrecheckerAction.py:100 INFO]: 
================================================================================
prompt:
# Question:
Do a laminar simulation of flow between two parallel plates using pimpleFoam with moving wall velocity of (1 0 0) m/s, and a Newtonian fluid with kinematic viscosity of 1.5e-3 m^2/s. Control settings include: endTime = 25, and writeInterval = 0.5.

# Mesh File:
movingWall { type wall; faces ; } bottomWall { type wall; faces ; } cyc_half0 { type cyclic; neighbourPatch cyc_half1; faces ; } cyc_half1 { type cyclic; neighbourPatch cyc_half0; faces ; } frontAndBack { type empty; faces ; }

# Input File Template:
{"0/p": {"FoamFile": {"version": "2.0", "format": "ascii", "class": "xxx", "object": "xxx"}, "dimensions": "[0 2 -2 0 0 0 0]", "internalField": "uniform xxx", "boundaryField": {"movingWall": {"type": "xxx", ...},"bottomWall": {"type": "xxx", ...},"cyc_half0": {"type": "xxx", ...},"cyc_half1": {"type": "xxx", ...},"frontAndBack": {"type": "xxx", ...}}}, "0/U": {"FoamFile": {"version": "2.0", "format": "ascii", "class": "xxx", "object": "xxx"}, "dimensions": "[0 1 -1 0 0 0 0]", "internalField": "uniform xxx", "boundaryField": {"movingWall": {"type": "xxx", ...},"bottomWall": {"type": "xxx", ...},"cyc_half0": {"type": "xxx", ...},"cyc_half1": {"type": "xxx", ...},"frontAndBack": {"type": "xxx", ...}}},  ..., "system/fvSolution": {"FoamFile": {"version": "2.0", "format": "ascii", "class": "dictionary", "object": "fvSolution"}, "solvers": {"xxx": {"xxx": "xxx", "xxx": "xxx", "xxx": "xxx", "xxx": "xxx"}, "xxx": {"xxx": "xxx", "xxx": "xxx"}, "xxx": {"xxx": "xxx", "xxx": "xxx", "xxx": "xxx", "xxx": "xxx"}}, "xxx": {"xxx": "xxx", "xxx": "xxx", "xxx": "xxx", "xxx": "xxx"}, ...}}

# Response:

================================================================================
[2025-10-30 18:22:02 /home/tplin2/workspace/AutoCFD/src/roles/InputWriter.py:26 INFO]: 
================================================================================
InputWriter input: [Prechecker: # Question:
Do a laminar simulation of flow between two parallel plates using pimpleFoam with moving wall velocity of (1 0 0) m/s, and a Newtonian fluid with kinematic viscosity of 1.5e-3 m^2/s. Control settings include: endTime = 25, and writeInterval = 0.5.

# Mesh File:
movingWall { type wall; faces ; } bottomWall { type wall; faces ; } cyc_half0 { type cyclic; neighbourPatch cyc_half1; faces ; } cyc_half1 { type cyclic; neighbourPatch cyc_half0; faces ; } frontAndBack { type empty; faces ; }

# Input File Template:
{"0/p": {"FoamFile": {"version": "2.0", "format": "ascii", "class": "xxx", "object": "xxx"}, "dimensions": "[0 2 -2 0 0 0 0]", "internalField": "uniform xxx", "boundaryField": {"movingWall": {"type": "xxx", ...},"bottomWall": {"type": "xxx", ...},"cyc_half0": {"type": "xxx", ...},"cyc_half1": {"type": "xxx", ...},"frontAndBack": {"type": "xxx", ...}}}, "0/U": {"FoamFile": {"version": "2.0", "format": "ascii", "class": "xxx", "object": "xxx"}, "dimensions": "[0 1 -1 0 0 0 0]", "internalField": "uniform xxx", "boundaryField": {"movingWall": {"type": "xxx", ...},"bottomWall": {"type": "xxx", ...},"cyc_half0": {"type": "xxx", ...},"cyc_half1": {"type": "xxx", ...},"frontAndBack": {"type": "xxx", ...}}},  ..., "system/fvSolution": {"FoamFile": {"version": "2.0", "format": "ascii", "class": "dictionary", "object": "fvSolution"}, "solvers": {"xxx": {"xxx": "xxx", "xxx": "xxx", "xxx": "xxx", "xxx": "xxx"}, "xxx": {"xxx": "xxx", "xxx": "xxx"}, "xxx": {"xxx": "xxx", "xxx": "xxx", "xxx": "xxx", "xxx": "xxx"}}, "xxx": {"xxx": "xxx", "xxx": "xxx", "xxx": "xxx", "xxx": "xxx"}, ...}}

# Response:
]
================================================================================
[2025-10-30 18:22:56 /home/tplin2/workspace/AutoCFD/src/actions/InputWriterAction.py:41 INFO]: 
================================================================================
inputfiles_rsp:
# Foam files:
{
  "0/p": {
    "FoamFile": {
      "version": "2.0",
      "format": "ascii",
      "class": "volScalarField",
      "object": "p"
    },
    "dimensions": "[0 2 -2 0 0 0 0]",
    "internalField": "uniform 0",
    "boundaryField": {
      "movingWall": {
        "type": "zeroGradient"
      },
      "bottomWall": {
        "type": "zeroGradient"
      },
      "cyc_half0": {
        "type": "cyclic"
      },
      "cyc_half1": {
        "type": "cyclic"
      },
      "frontAndBack": {
        "type": "empty"
      }
    }
  },
  "0/U": {
    "FoamFile": {
      "version": "2.0",
      "format": "ascii",
      "class": "volVectorField",
      "object": "U"
    },
    "dimensions": "[0 1 -1 0 0 0 0]",
    "internalField": "uniform (0 0 0)",
    "boundaryField": {
      "movingWall": {
        "type": "fixedValue",
        "value": "uniform (1 0 0)"
      },
      "bottomWall": {
        "type": "noSlip"
      },
      "cyc_half0": {
        "type": "cyclic"
      },
      "cyc_half1": {
        "type": "cyclic"
      },
      "frontAndBack": {
        "type": "empty"
      }
    }
  },
  "constant/transportProperties": {
    "FoamFile": {
      "version": "2.0",
      "format": "ascii",
      "class": "dictionary",
      "object": "transportProperties"
    },
    "transportModel": "Newtonian",
    "nu": "1.5e-3"
  },
  "system/controlDict": {
    "FoamFile": {
      "version": "2.0",
      "format": "ascii",
      "class": "dictionary",
      "object": "controlDict"
    },
    "application": "pimpleFoam",
    "startFrom": "startTime",
    "startTime": "0",
    "stopAt": "endTime",
    "endTime": "25",
    "deltaT": "0.01",
    "writeControl": "timeStep",
    "writeInterval": "0.5",
    "purgeWrite": "0",
    "writeFormat": "ascii",
    "writePrecision": "6",
    "writeCompression": "off",
    "timeFormat": "general",
    "timePrecision": "6",
    "runTimeModifiable": "true"
  },
  "system/fvSchemes": {
    "FoamFile": {
      "version": "2.0",
      "format": "ascii",
      "class": "dictionary",
      "object": "fvSchemes"
    },
    "ddtSchemes": {
      "default": "Euler"
    },
    "gradSchemes": {
      "default": "Gauss linear"
    },
    "divSchemes": {
      "default": "none",
      "div(phi,U)": "Gauss linear"
    },
    "laplacianSchemes": {
      "default": "Gauss linear orthogonal"
    },
    "interpolationSchemes": {
      "default": "linear"
    },
    "snGradSchemes": {
      "default": "orthogonal"
    },
    "fluxRequired": {
      "default": "no",
      "p": "yes"
    }
  },
  "system/fvSolution": {
    "FoamFile": {
      "version": "2.0",
      "format": "ascii",
      "class": "dictionary",
      "object": "fvSolution"
    },
    "solvers": {
      "p": {
        "solver": "PCG",
        "preconditioner": "DIC",
        "tolerance": "1e-06",
        "relTol": "0.1"
      },
      "U": {
        "solver": "PBiCGStab",
        "preconditioner": "DILU",
        "tolerance": "1e-06",
        "relTol": "0.1"
      }
    },
    "PIMPLE": {
      "nNonOrthogonalCorrectors": "0",
      "nCorrectors": "1",
      "nOuterCorrectors": "1",
      "consistent": "true"
    }
  }
}
# Allrun script:
#!/bin/sh

# Source OpenFOAM environment
source $WM_PROJECT_DIR/bin/tools/RunFunctions

# Create necessary directories
mkdir -p 0

# Copy initial condition files
cp -r 0.orig/* 0/

# Run blockMesh to generate the mesh
runApplication blockMesh

# Run pimpleFoam solver
runApplication pimpleFoam

# End of Allrun script
================================================================================
[2025-10-30 18:22:56 /home/tplin2/workspace/AutoCFD/src/actions/InputWriterAction.py:135 INFO]: 
================================================================================
mesh_path_list:['Benchmark/mesh/Couette_flow-laminar/blockMeshDict']
================================================================================
[2025-10-30 18:22:56 /home/tplin2/workspace/AutoCFD/src/actions/InputWriterAction.py:66 INFO]: 
================================================================================
解析 Foam Files 成功
================================================================================
[2025-10-30 18:22:56 /home/tplin2/workspace/AutoCFD/src/actions/InputWriterAction.py:128 INFO]: 
================================================================================
copy mesh file: Benchmark/mesh/Couette_flow-laminar/blockMeshDict to /home/tplin2/workspace/AutoCFD/run/Couette_flow-laminar_1/system/blockMeshDict
================================================================================
[2025-10-30 18:22:56 /home/tplin2/workspace/AutoCFD/src/roles/Runner.py:26 INFO]: 
================================================================================
Runner input:[InputWriter: # Foam files:
{"0/p": {"FoamFile": {"version": "2.0", "format": "ascii", "class": "volScalarField", "object": "p"}, "dimensions": "[0 2 -2 0 0 0 0]", "internalField": "uniform 0", "boundaryField": {"movingWall": {"type": "zeroGradient"}, "bottomWall": {"type": "zeroGradient"}, "cyc_half0": {"type": "cyclic"}, "cyc_half1": {"type": "cyclic"}, "frontAndBack": {"type": "empty"}}}, "0/U": {"FoamFile": {"version": "2.0", "format": "ascii", "class": "volVectorField", "object": "U"}, "dimensions": "[0 1 -1 0 0 0 0]", "internalField": "uniform (0 0 0)", "boundaryField": {"movingWall": {"type": "fixedValue", "value": "uniform (1 0 0)"}, "bottomWall": {"type": "noSlip"}, "cyc_half0": {"type": "cyclic"}, "cyc_half1": {"type": "cyclic"}, "frontAndBack": {"type": "empty"}}}, "constant/transportProperties": {"FoamFile": {"version": "2.0", "format": "ascii", "class": "dictionary", "object": "transportProperties"}, "transportModel": "Newtonian", "nu": "1.5e-3"}, "system/controlDict": {"FoamFile": {"version": "2.0", "format": "ascii", "class": "dictionary", "object": "controlDict"}, "application": "pimpleFoam", "startFrom": "startTime", "startTime": "0", "stopAt": "endTime", "endTime": "25", "deltaT": "0.01", "writeControl": "timeStep", "writeInterval": "0.5", "purgeWrite": "0", "writeFormat": "ascii", "writePrecision": "6", "writeCompression": "off", "timeFormat": "general", "timePrecision": "6", "runTimeModifiable": "true"}, "system/fvSchemes": {"FoamFile": {"version": "2.0", "format": "ascii", "class": "dictionary", "object": "fvSchemes"}, "ddtSchemes": {"default": "Euler"}, "gradSchemes": {"default": "Gauss linear"}, "divSchemes": {"default": "none", "div(phi,U)": "Gauss linear"}, "laplacianSchemes": {"default": "Gauss linear orthogonal"}, "interpolationSchemes": {"default": "linear"}, "snGradSchemes": {"default": "orthogonal"}, "fluxRequired": {"default": "no", "p": "yes"}}, "system/fvSolution": {"FoamFile": {"version": "2.0", "format": "ascii", "class": "dictionary", "object": "fvSolution"}, "solvers": {"p": {"solver": "PCG", "preconditioner": "DIC", "tolerance": "1e-06", "relTol": "0.1"}, "U": {"solver": "PBiCGStab", "preconditioner": "DILU", "tolerance": "1e-06", "relTol": "0.1"}}, "PIMPLE": {"nNonOrthogonalCorrectors": "0", "nCorrectors": "1", "nOuterCorrectors": "1", "consistent": "true"}}}
# Allrun script:
#!/bin/sh

# Source OpenFOAM environment
source $WM_PROJECT_DIR/bin/tools/RunFunctions

# Create necessary directories
mkdir -p 0

# Copy initial condition files
cp -r 0.orig/* 0/

# Run blockMesh to generate the mesh
runApplication blockMesh

# Run pimpleFoam solver
runApplication pimpleFoam

# End of Allrun script]
================================================================================
[2025-10-30 18:22:56 /home/tplin2/workspace/AutoCFD/src/actions/RunnerAction.py:70 INFO]: 
================================================================================
allrun_write:

#!/bin/sh

# Source OpenFOAM environment
source $WM_PROJECT_DIR/bin/tools/RunFunctions

# Create necessary directories
mkdir -p 0

# Copy initial condition files
cp -r 0.orig/* 0/

# Run blockMesh to generate the mesh
runApplication blockMesh

# Run pimpleFoam solver
runApplication pimpleFoam

# End of Allrun script
================================================================================
[2025-10-30 18:22:56 /home/tplin2/workspace/AutoCFD/src/actions/RunnerAction.py:89 INFO]: 
================================================================================
initial_files:{'0': {'U', 'p'}, 'constant': {'transportProperties'}, 'system': {'fvSolution', 'blockMeshDict', 'fvSchemes', 'controlDict'}}
================================================================================
[2025-10-30 18:22:56 /home/tplin2/workspace/AutoCFD/src/actions/RunnerAction.py:174 INFO]: 
================================================================================
[INFO ERROR] /home/tplin2/workspace/AutoCFD/run/Couette_flow-laminar_1: Command failed with return code 1: cp: cannot stat '0.orig/*': No such file or directory

================================================================================
[2025-10-30 18:22:56 /home/tplin2/workspace/AutoCFD/src/actions/RunnerAction.py:197 INFO]: 
================================================================================
log_file:log.blockMesh
================================================================================
[2025-10-30 18:22:56 /home/tplin2/workspace/AutoCFD/src/actions/RunnerAction.py:197 INFO]: 
================================================================================
log_file:log.pimpleFoam
================================================================================
[2025-10-30 18:22:56 /home/tplin2/workspace/AutoCFD/src/actions/RunnerAction.py:94 INFO]: 
================================================================================
error_logs:[{'file': 'log.blockMesh', 'error_content': '/*---------------------------------------------------------------------------*\\\n| =========                 |                                                 |\n| \\\\      /  F ield         | OpenFOAM: The Open Source CFD Toolbox           |\n|  \\\\    /   O peration     | Version:  2406                                  |\n|   \\\\  /    A nd           | Website:  www.openfoam.com                      |\n|    \\\\/     M anipulation  |                                                 |\n\\*---------------------------------------------------------------------------*/\nBuild  : _9bfe8264-20241212 OPENFOAM=2406 patch=241212 version=2406\nArch   : "LSB;label=32;scalar=64"\nExec   : blockMesh\nDate   : Oct 30 2025\nTime   : 18:22:56\nHost   : pan3054\nPID    : 7479\nI/O    : uncollated\nCase   : /home/tplin2/workspace/AutoCFD/run/Couette_flow-laminar_1\nnProcs : 1\ntrapFpe: Floating point exception trapping enabled (FOAM_SIGFPE).\nfileModificationChecking : Monitoring run-time modified files using timeStampMaster (fileModificationSkew 5, maxFileModificationPolls 20)\nallowSystemOperations : Allowing user-supplied system call operations\n\n// * * * * * * * * * * * * * * * * * * * * * * * * * * * * * * * * * * * * * //\nCreate time\n\n\n\n--> FOAM FATAL IO ERROR: (openfoam-2406 patch=241212)\nwriteInterval < 1 for writeControl timeStep\n\nfile: system/controlDict at line 14 to 42.\n\nFrom virtual void Foam::Time::readDict()\nin file db/Time/TimeIO.C at line 290.\n\nFOAM exiting\n'}, {'file': 'log.pimpleFoam', 'error_content': '/*---------------------------------------------------------------------------*\\\n| =========                 |                                                 |\n| \\\\      /  F ield         | OpenFOAM: The Open Source CFD Toolbox           |\n|  \\\\    /   O peration     | Version:  2406                                  |\n|   \\\\  /    A nd           | Website:  www.openfoam.com                      |\n|    \\\\/     M anipulation  |                                                 |\n\\*---------------------------------------------------------------------------*/\nBuild  : _9bfe8264-20241212 OPENFOAM=2406 patch=241212 version=2406\nArch   : "LSB;label=32;scalar=64"\nExec   : pimpleFoam\nDate   : Oct 30 2025\nTime   : 18:22:56\nHost   : pan3054\nPID    : 7487\nI/O    : uncollated\nCase   : /home/tplin2/workspace/AutoCFD/run/Couette_flow-laminar_1\nnProcs : 1\ntrapFpe: Floating point exception trapping enabled (FOAM_SIGFPE).\nfileModificationChecking : Monitoring run-time modified files using timeStampMaster (fileModificationSkew 5, maxFileModificationPolls 20)\nallowSystemOperations : Allowing user-supplied system call operations\n\n// * * * * * * * * * * * * * * * * * * * * * * * * * * * * * * * * * * * * * //\nCreate time\n\n\n\n--> FOAM FATAL IO ERROR: (openfoam-2406 patch=241212)\nwriteInterval < 1 for writeControl timeStep\n\nfile: system/controlDict at line 14 to 42.\n\nFrom virtual void Foam::Time::readDict()\nin file db/Time/TimeIO.C at line 290.\n\nFOAM exiting\n'}]
================================================================================
[2025-10-30 18:22:56 /home/tplin2/workspace/AutoCFD/src/actions/RunnerAction.py:97 INFO]: 
================================================================================
commands_run:['blockMesh', 'pimpleFoam']
================================================================================
[2025-10-30 18:22:56 /home/tplin2/workspace/AutoCFD/src/actions/RunnerAction.py:101 INFO]: 
================================================================================
command:[{'command': 'blockMesh', 'error_content': '/*---------------------------------------------------------------------------*\\\n| =========                 |                                                 |\n| \\\\      /  F ield         | OpenFOAM: The Open Source CFD Toolbox           |\n|  \\\\    /   O peration     | Version:  2406                                  |\n|   \\\\  /    A nd           | Website:  www.openfoam.com                      |\n|    \\\\/     M anipulation  |                                                 |\n\\*---------------------------------------------------------------------------*/\nBuild  : _9bfe8264-20241212 OPENFOAM=2406 patch=241212 version=2406\nArch   : "LSB;label=32;scalar=64"\nExec   : blockMesh\nDate   : Oct 30 2025\nTime   : 18:22:56\nHost   : pan3054\nPID    : 7479\nI/O    : uncollated\nCase   : /home/tplin2/workspace/AutoCFD/run/Couette_flow-laminar_1\nnProcs : 1\ntrapFpe: Floating point exception trapping enabled (FOAM_SIGFPE).\nfileModificationChecking : Monitoring run-time modified files using timeStampMaster (fileModificationSkew 5, maxFileModificationPolls 20)\nallowSystemOperations : Allowing user-supplied system call operations\n\n// * * * * * * * * * * * * * * * * * * * * * * * * * * * * * * * * * * * * * //\nCreate time\n\n\n\n--> FOAM FATAL IO ERROR: (openfoam-2406 patch=241212)\nwriteInterval < 1 for writeControl timeStep\n\nfile: system/controlDict at line 14 to 42.\n\nFrom virtual void Foam::Time::readDict()\nin file db/Time/TimeIO.C at line 290.\n\nFOAM exiting\n'}, {'command': 'pimpleFoam', 'error_content': '/*---------------------------------------------------------------------------*\\\n| =========                 |                                                 |\n| \\\\      /  F ield         | OpenFOAM: The Open Source CFD Toolbox           |\n|  \\\\    /   O peration     | Version:  2406                                  |\n|   \\\\  /    A nd           | Website:  www.openfoam.com                      |\n|    \\\\/     M anipulation  |                                                 |\n\\*---------------------------------------------------------------------------*/\nBuild  : _9bfe8264-20241212 OPENFOAM=2406 patch=241212 version=2406\nArch   : "LSB;label=32;scalar=64"\nExec   : pimpleFoam\nDate   : Oct 30 2025\nTime   : 18:22:56\nHost   : pan3054\nPID    : 7487\nI/O    : uncollated\nCase   : /home/tplin2/workspace/AutoCFD/run/Couette_flow-laminar_1\nnProcs : 1\ntrapFpe: Floating point exception trapping enabled (FOAM_SIGFPE).\nfileModificationChecking : Monitoring run-time modified files using timeStampMaster (fileModificationSkew 5, maxFileModificationPolls 20)\nallowSystemOperations : Allowing user-supplied system call operations\n\n// * * * * * * * * * * * * * * * * * * * * * * * * * * * * * * * * * * * * * //\nCreate time\n\n\n\n--> FOAM FATAL IO ERROR: (openfoam-2406 patch=241212)\nwriteInterval < 1 for writeControl timeStep\n\nfile: system/controlDict at line 14 to 42.\n\nFrom virtual void Foam::Time::readDict()\nin file db/Time/TimeIO.C at line 290.\n\nFOAM exiting\n'}]
================================================================================
[2025-10-30 18:22:56 /home/tplin2/workspace/AutoCFD/src/actions/RunnerAction.py:121 INFO]: 
================================================================================
Executability: 0
================================================================================
[2025-10-30 18:22:56 /home/tplin2/workspace/AutoCFD/src/roles/Runner.py:28 INFO]: 
================================================================================
Runner output:error<command>blockMesh
================================================================================
[2025-10-30 18:22:56 /home/tplin2/workspace/AutoCFD/src/roles/Corrector.py:26 INFO]: 
================================================================================
Corrector input:
[Runner: error<command>blockMesh]
================================================================================
[2025-10-30 18:22:56 /home/tplin2/workspace/AutoCFD/src/actions/CorrectorAction.py:129 INFO]: 
================================================================================
command: blockMesh
================================================================================
[2025-10-30 18:22:56 /home/tplin2/workspace/AutoCFD/src/actions/CorrectorAction.py:130 INFO]: 
================================================================================
requirement: Do a laminar simulation of flow between two parallel plates using pimpleFoam with moving wall velocity of (1 0 0) m/s, and a Newtonian fluid with kinematic viscosity of 1.5e-3 m^2/s. Control settings include: endTime = 25, and writeInterval = 0.5.
================================================================================
[2025-10-30 18:22:56 /home/tplin2/workspace/AutoCFD/src/actions/CorrectorAction.py:139 INFO]: 
================================================================================
loop:1
================================================================================
[2025-10-30 18:22:56 /home/tplin2/workspace/AutoCFD/src/actions/CorrectorAction.py:173 INFO]: 
================================================================================
related_file_rsp_prompt:
Analyze the given error message from the `openfoam2406` command to identify which files in the provided list are related to the error. Return the filenames and corresponding folder paths in a specified format.

# Steps

1. **Understand the Error**: Carefully read the provided error message `nProcs : 1
trapFpe: Floating point exception trapping enabled (FOAM_SIGFPE).
fileModificationChecking : Monitoring run-time modified files using timeStampMaster (fileModificationSkew 5, maxFileModificationPolls 20)
allowSystemOperations : Allowing user-supplied system call operations

// * * * * * * * * * * * * * * * * * * * * * * * * * * * * * * * * * * * * * //
Create time



--> FOAM FATAL IO ERROR: (openfoam-2406 patch=241212)
writeInterval < 1 for writeControl timeStep

file: system/controlDict at line 14 to 42.

From virtual void Foam::Time::readDict()
in file db/Time/TimeIO.C at line 290.

FOAM exiting
` to identify key information that indicates which file(s) could be associated with the error.
2. **Match Files**: Compare the diagnostic details from the error message with the names and contents of the given input files from `['p', 'U', 'transportProperties', 'controlDict', 'fvSolution', 'fvSchemes', 'blockMeshDict']` and their locations in `{'p': '0', 'U': '0', 'transportProperties': 'constant', 'controlDict': 'system', 'fvSolution': 'system', 'fvSchemes': 'system', 'blockMeshDict': 'system'}`.
3. **Select Relevant Files**: Determine which files are most likely related to the error based on the analysis.
4. **Output the Results**: Format the results using the specified output format, listing only the filenames and their folders.

# Output Format

Use the following structure for the output:
- <filename>file_name1, file_name2, ..., file_nameN</filename> in <filefolder>file_folder1, file_folder2, ..., file_folderN</filefolder>```
- Ensure file_name1, file_name2, ..., come from ['p', 'U', 'transportProperties', 'controlDict', 'fvSolution', 'fvSchemes', 'blockMeshDict'] and file_folder1, file_folder2, ..., come from {'p': '0', 'U': '0', 'transportProperties': 'constant', 'controlDict': 'system', 'fvSolution': 'system', 'fvSchemes': 'system', 'blockMeshDict': 'system'}
- Ensure there are no other texts, comments, or additional formatting in the output.
    
================================================================================
[2025-10-30 18:23:27 /home/tplin2/workspace/AutoCFD/src/actions/CorrectorAction.py:176 INFO]: 
================================================================================
related_file_rsp: <filename>controlDict</filename> in <filefolder>system</filefolder>
================================================================================
[2025-10-30 18:23:27 /home/tplin2/workspace/AutoCFD/src/actions/CorrectorAction.py:179 INFO]: 
================================================================================
files_names_rewirte:controlDict
================================================================================
[2025-10-30 18:23:27 /home/tplin2/workspace/AutoCFD/src/actions/CorrectorAction.py:186 INFO]: 
================================================================================
n_rewrite: 1
================================================================================
[2025-10-30 18:23:27 /home/tplin2/workspace/AutoCFD/src/actions/CorrectorAction.py:187 INFO]: 
================================================================================
files_names_rewirte: ['controlDict']
================================================================================
[2025-10-30 18:23:27 /home/tplin2/workspace/AutoCFD/src/actions/CorrectorAction.py:197 INFO]: 
================================================================================
prompt_rewrite:

    to rewrite a OpenFoam controlDict foamfile in system folder that could solve the error:
    ERROR INFO:
    ```
    nProcs : 1
trapFpe: Floating point exception trapping enabled (FOAM_SIGFPE).
fileModificationChecking : Monitoring run-time modified files using timeStampMaster (fileModificationSkew 5, maxFileModificationPolls 20)
allowSystemOperations : Allowing user-supplied system call operations

// * * * * * * * * * * * * * * * * * * * * * * * * * * * * * * * * * * * * * //
Create time



--> FOAM FATAL IO ERROR: (openfoam-2406 patch=241212)
writeInterval < 1 for writeControl timeStep

file: system/controlDict at line 14 to 42.

From virtual void Foam::Time::readDict()
in file db/Time/TimeIO.C at line 290.

FOAM exiting

    ```
    Please modify the input files you generated according to the error message. If the error include "Unable to set reference cell for field p
Please supply either pRefCell or pRefPoint", you should add pRefCell and pRefValue in SIMPLE, PISO or PIMPLE. "residualControl" fields cannot appear in PIMPLE.
    ORIGINAL INPUT FILES:
    ```
    {"0/p": {"FoamFile": {"version": "2.0", "format": "ascii", "class": "volScalarField", "object": "p"}, "dimensions": "[0 2 -2 0 0 0 0]", "internalField": "uniform 0", "boundaryField": {"movingWall": {"type": "zeroGradient"}, "bottomWall": {"type": "zeroGradient"}, "cyc_half0": {"type": "cyclic"}, "cyc_half1": {"type": "cyclic"}, "frontAndBack": {"type": "empty"}}}, "0/U": {"FoamFile": {"version": "2.0", "format": "ascii", "class": "volVectorField", "object": "U"}, "dimensions": "[0 1 -1 0 0 0 0]", "internalField": "uniform (0 0 0)", "boundaryField": {"movingWall": {"type": "fixedValue", "value": "uniform (1 0 0)"}, "bottomWall": {"type": "noSlip"}, "cyc_half0": {"type": "cyclic"}, "cyc_half1": {"type": "cyclic"}, "frontAndBack": {"type": "empty"}}}, "constant/transportProperties": {"FoamFile": {"version": "2.0", "format": "ascii", "class": "dictionary", "object": "transportProperties"}, "transportModel": "Newtonian", "nu": "1.5e-3"}, "system/controlDict": {"FoamFile": {"version": "2.0", "format": "ascii", "class": "dictionary", "object": "controlDict"}, "application": "pimpleFoam", "startFrom": "startTime", "startTime": "0", "stopAt": "endTime", "endTime": "25", "deltaT": "0.01", "writeControl": "timeStep", "writeInterval": "0.5", "purgeWrite": "0", "writeFormat": "ascii", "writePrecision": "6", "writeCompression": "off", "timeFormat": "general", "timePrecision": "6", "runTimeModifiable": "true"}, "system/fvSchemes": {"FoamFile": {"version": "2.0", "format": "ascii", "class": "dictionary", "object": "fvSchemes"}, "ddtSchemes": {"default": "Euler"}, "gradSchemes": {"default": "Gauss linear"}, "divSchemes": {"default": "none", "div(phi,U)": "Gauss linear"}, "laplacianSchemes": {"default": "Gauss linear orthogonal"}, "interpolationSchemes": {"default": "linear"}, "snGradSchemes": {"default": "orthogonal"}, "fluxRequired": {"default": "no", "p": "yes"}}, "system/fvSolution": {"FoamFile": {"version": "2.0", "format": "ascii", "class": "dictionary", "object": "fvSolution"}, "solvers": {"p": {"solver": "PCG", "preconditioner": "DIC", "tolerance": "1e-06", "relTol": "0.1"}, "U": {"solver": "PBiCGStab", "preconditioner": "DILU", "tolerance": "1e-06", "relTol": "0.1"}}, "PIMPLE": {"nNonOrthogonalCorrectors": "0", "nCorrectors": "1", "nOuterCorrectors": "1", "consistent": "true"}}}
    ```
    Note that you need to return the entire input files in the same format, never return a single modified fragment, because I want to save and run the file directly, making sure there are no other characters. No comments are allowed.
    According to your task, return ```your_code_here ``` with NO other texts,
    your code:
    
================================================================================
